// Jest Snapshot v1, https://goo.gl/fbAQLP

exports[`should render edit expense page 1`] = `
<div>
  <h3>
    Edit Expense
  </h3>
  <ExpenseForm
    expense={
      Object {
        "amount": 109500,
        "createdAt": -432000000,
        "description": "rent",
        "id": "2",
        "note": "",
      }
    }
    onSubmit={[Function]}
  />
  <button
    onClick={[Function]}
  >
    Remove
  </button>
</div>
`;
