// Jest Snapshot v1, https://goo.gl/fbAQLP

exports[`should render ExpenseList with empty message 1`] = `
<div>
  <p>
    No expenses
  </p>
</div>
`;

exports[`should render ExpenseList with expenses 1`] = `
<div>
  <ul>
    <Connect(ExpenseListItem)
      amount={195}
      createdAt={0}
      description="Gum"
      expenses={
        Array [
          Object {
            "amount": 195,
            "createdAt": 0,
            "description": "Gum",
            "id": "1",
            "note": "",
          },
          Object {
            "amount": 109500,
            "createdAt": -432000000,
            "description": "rent",
            "id": "2",
            "note": "",
          },
          Object {
            "amount": 4500,
            "createdAt": 345600000,
            "description": "Credit card",
            "id": "3",
            "note": "",
          },
        ]
      }
      id="1"
      key="1"
      note=""
    />
    <Connect(ExpenseListItem)
      amount={109500}
      createdAt={-432000000}
      description="rent"
      expenses={
        Array [
          Object {
            "amount": 195,
            "createdAt": 0,
            "description": "Gum",
            "id": "1",
            "note": "",
          },
          Object {
            "amount": 109500,
            "createdAt": -432000000,
            "description": "rent",
            "id": "2",
            "note": "",
          },
          Object {
            "amount": 4500,
            "createdAt": 345600000,
            "description": "Credit card",
            "id": "3",
            "note": "",
          },
        ]
      }
      id="2"
      key="2"
      note=""
    />
    <Connect(ExpenseListItem)
      amount={4500}
      createdAt={345600000}
      description="Credit card"
      expenses={
        Array [
          Object {
            "amount": 195,
            "createdAt": 0,
            "description": "Gum",
            "id": "1",
            "note": "",
          },
          Object {
            "amount": 109500,
            "createdAt": -432000000,
            "description": "rent",
            "id": "2",
            "note": "",
          },
          Object {
            "amount": 4500,
            "createdAt": 345600000,
            "description": "Credit card",
            "id": "3",
            "note": "",
          },
        ]
      }
      id="3"
      key="3"
      note=""
    />
  </ul>
</div>
`;
