// Jest Snapshot v1, https://goo.gl/fbAQLP

exports[`should render Header correctly 1`] = `
<header>
  <h1>
    Expensify
  </h1>
  <div>
    <NavLink
      activeClassName="is-active"
      aria-current="page"
      exact={true}
      to="/"
    >
      <strong>
         Dashboard 
      </strong>
    </NavLink>
    <br />
    <NavLink
      activeClassName="is-active"
      aria-current="page"
      to="/create"
    >
      <strong>
         Create-Expense 
      </strong>
    </NavLink>
  </div>
</header>
`;
