// Jest Snapshot v1, https://goo.gl/fbAQLP

exports[`shuld correctly render loging page snapshot 1`] = `
<section>
  <button>
    Login
  </button>
</section>
`;
